../Core/Src/main.c:65:6:SystemClock_Config	4	static
../Core/Src/main.c:71:6:delay_us	24	static
../Core/Src/main.c:76:6:delay_ms	24	static
../Core/Src/main.c:83:6:GPIO_Init	16	static
../Core/Src/main.c:131:6:TIM1_Init	4	static
../Core/Src/main.c:139:6:TIM2_PWM_Init	16	static
../Core/Src/main.c:166:6:I2C1_Init	4	static
../Core/Src/main.c:189:6:I2C_Start	4	static
../Core/Src/main.c:194:6:I2C_Stop	4	static
../Core/Src/main.c:198:6:I2C_WriteAddr	16	static
../Core/Src/main.c:204:6:I2C_WriteData	16	static
../Core/Src/main.c:209:6:LCD_Send4Bits	24	static
../Core/Src/main.c:226:6:LCD_SendCmd	24	static
../Core/Src/main.c:235:6:LCD_SendData	24	static
../Core/Src/main.c:269:6:LCD_Init	16	static
../Core/Src/main.c:291:6:LCD_SetCursor	24	static
../Core/Src/main.c:296:6:LCD_SendString	16	static
../Core/Src/main.c:302:6:LCD_Print	16	static
../Core/Src/main.c:308:10:Read_Ultrasonic_Distance	24	static
../Core/Src/main.c:339:9:Read_Left_IR	4	static
../Core/Src/main.c:343:9:Read_Center_IR	4	static
../Core/Src/main.c:347:9:Read_Right_IR	4	static
../Core/Src/main.c:351:6:Motor_Forward	16	static
../Core/Src/main.c:365:6:Motor_Stop	4	static
../Core/Src/main.c:372:6:Display_Status	56	static
../Core/Src/main.c:389:6:Follow_Line	16	static
../Core/Src/main.c:439:5:main	8	static
